0 verbose cli C:\Program Files\nodejs\node.exe C:\Program Files\nodejs\node_modules\npm\bin\npm-cli.js
1 info using npm@11.12.1
2 info using node@v24.15.0
3 silly config load:file:C:\Program Files\nodejs\node_modules\npm\npmrc
4 silly config load:file:C:\Users\USER\Desktop\traffic_congestion_project\frontend\.npmrc
5 silly config load:file:C:\Users\USER\.npmrc
6 silly config load:file:C:\Users\USER\AppData\Roaming\npm\etc\npmrc
7 verbose title npm ci
8 verbose argv "ci" "--cache" ".npm-cache" "--no-audit" "--no-fund"
9 verbose logfile logs-max:10 dir:C:\Users\USER\Desktop\traffic_congestion_project\frontend\.npm-cache\_logs\2026-05-11T13_09_41_855Z-
10 verbose logfile C:\Users\USER\Desktop\traffic_congestion_project\frontend\.npm-cache\_logs\2026-05-11T13_09_41_855Z-debug-0.log
11 silly logfile done cleaning log files
12 silly packumentCache heap:2348810240 maxSize:587202560 maxEntrySize:293601280
13 silly packumentCache heap:2348810240 maxSize:587202560 maxEntrySize:293601280
14 silly idealTree buildDeps
15 silly reify moves {}
16 http fetch GET 200 https://registry.npmjs.org/npm 2757ms
17 silly packumentCache corgi:https://registry.npmjs.org/yallist cache-miss
18 silly packumentCache corgi:https://registry.npmjs.org/vite cache-miss
19 silly packumentCache corgi:https://registry.npmjs.org/util-deprecate cache-miss
20 silly packumentCache corgi:https://registry.npmjs.org/update-browserslist-db cache-miss
21 silly packumentCache corgi:https://registry.npmjs.org/to-regex-range cache-miss
22 silly packumentCache corgi:https://registry.npmjs.org/tinyglobby cache-miss
23 silly packumentCache corgi:https://registry.npmjs.org/tailwindcss cache-miss
24 silly packumentCache corgi:https://registry.npmjs.org/sucrase cache-miss
25 silly packumentCache corgi:https://registry.npmjs.org/supports-preserve-symlinks-flag cache-miss
26 silly packumentCache corgi:https://registry.npmjs.org/source-map-js cache-miss
27 silly packumentCache corgi:https://registry.npmjs.org/semver cache-miss
28 silly packumentCache corgi:https://registry.npmjs.org/scheduler cache-miss
29 silly packumentCache corgi:https://registry.npmjs.org/run-parallel cache-miss
30 silly packumentCache corgi:https://registry.npmjs.org/reusify cache-miss
31 silly packumentCache corgi:https://registry.npmjs.org/resolve cache-miss
32 silly packumentCache corgi:https://registry.npmjs.org/readdirp cache-miss
33 silly packumentCache corgi:https://registry.npmjs.org/read-cache cache-miss
34 silly packumentCache corgi:https://registry.npmjs.org/react-refresh cache-miss
35 silly packumentCache corgi:https://registry.npmjs.org/react-dom cache-miss
36 silly packumentCache corgi:https://registry.npmjs.org/react-chartjs-2 cache-miss
37 silly packumentCache corgi:https://registry.npmjs.org/react cache-miss
38 silly packumentCache corgi:https://registry.npmjs.org/queue-microtask cache-miss
39 silly packumentCache corgi:https://registry.npmjs.org/postcss-value-parser cache-miss
40 silly packumentCache corgi:https://registry.npmjs.org/postcss-selector-parser cache-miss
41 silly packumentCache corgi:https://registry.npmjs.org/postcss-nested cache-miss
42 silly packumentCache corgi:https://registry.npmjs.org/postcss-js cache-miss
43 silly packumentCache corgi:https://registry.npmjs.org/postcss-load-config cache-miss
44 silly packumentCache corgi:https://registry.npmjs.org/postcss-import cache-miss
45 silly packumentCache corgi:https://registry.npmjs.org/postcss cache-miss
46 silly packumentCache corgi:https://registry.npmjs.org/pify cache-miss
47 silly packumentCache corgi:https://registry.npmjs.org/picomatch cache-miss
48 silly packumentCache corgi:https://registry.npmjs.org/picocolors cache-miss
49 silly packumentCache corgi:https://registry.npmjs.org/path-parse cache-miss
50 silly packumentCache corgi:https://registry.npmjs.org/object-hash cache-miss
51 silly packumentCache corgi:https://registry.npmjs.org/normalize-path cache-miss
52 silly packumentCache corgi:https://registry.npmjs.org/node-releases cache-miss
53 silly packumentCache corgi:https://registry.npmjs.org/nanoid cache-miss
54 silly packumentCache corgi:https://registry.npmjs.org/ms cache-miss
55 silly packumentCache corgi:https://registry.npmjs.org/micromatch cache-miss
56 silly packumentCache corgi:https://registry.npmjs.org/merge2 cache-miss
57 silly packumentCache corgi:https://registry.npmjs.org/lucide-react cache-miss
58 silly packumentCache corgi:https://registry.npmjs.org/lru-cache cache-miss
59 silly packumentCache corgi:https://registry.npmjs.org/loose-envify cache-miss
60 silly packumentCache corgi:https://registry.npmjs.org/lilconfig cache-miss
61 silly packumentCache corgi:https://registry.npmjs.org/json5 cache-miss
62 silly packumentCache corgi:https://registry.npmjs.org/jsesc cache-miss
63 silly packumentCache corgi:https://registry.npmjs.org/js-tokens cache-miss
64 silly packumentCache corgi:https://registry.npmjs.org/jiti cache-miss
65 silly packumentCache corgi:https://registry.npmjs.org/is-glob cache-miss
66 silly packumentCache corgi:https://registry.npmjs.org/is-extglob cache-miss
67 silly packumentCache corgi:https://registry.npmjs.org/is-core-module cache-miss
68 silly packumentCache corgi:https://registry.npmjs.org/is-binary-path cache-miss
69 silly packumentCache corgi:https://registry.npmjs.org/hasown cache-miss
70 silly packumentCache corgi:https://registry.npmjs.org/glob-parent cache-miss
71 silly packumentCache corgi:https://registry.npmjs.org/gensync cache-miss
72 silly packumentCache corgi:https://registry.npmjs.org/function-bind cache-miss
73 silly packumentCache corgi:https://registry.npmjs.org/fraction.js cache-miss
74 silly packumentCache corgi:https://registry.npmjs.org/fill-range cache-miss
75 silly packumentCache corgi:https://registry.npmjs.org/fastq cache-miss
76 silly packumentCache corgi:https://registry.npmjs.org/fast-glob cache-miss
77 silly packumentCache corgi:https://registry.npmjs.org/escalade cache-miss
78 silly packumentCache corgi:https://registry.npmjs.org/es-errors cache-miss
79 silly packumentCache corgi:https://registry.npmjs.org/electron-to-chromium cache-miss
80 silly packumentCache corgi:https://registry.npmjs.org/dlv cache-miss
81 silly packumentCache corgi:https://registry.npmjs.org/didyoumean cache-miss
82 silly packumentCache corgi:https://registry.npmjs.org/debug cache-miss
83 silly packumentCache corgi:https://registry.npmjs.org/cssesc cache-miss
84 silly packumentCache corgi:https://registry.npmjs.org/convert-source-map cache-miss
85 silly packumentCache corgi:https://registry.npmjs.org/chokidar cache-miss
86 silly packumentCache corgi:https://registry.npmjs.org/commander cache-miss
87 silly packumentCache corgi:https://registry.npmjs.org/chart.js cache-miss
88 silly packumentCache corgi:https://registry.npmjs.org/caniuse-lite cache-miss
89 silly packumentCache corgi:https://registry.npmjs.org/camelcase-css cache-miss
90 silly packumentCache corgi:https://registry.npmjs.org/browserslist cache-miss
91 silly packumentCache corgi:https://registry.npmjs.org/braces cache-miss
92 silly packumentCache corgi:https://registry.npmjs.org/binary-extensions cache-miss
93 silly packumentCache corgi:https://registry.npmjs.org/baseline-browser-mapping cache-miss
94 silly packumentCache corgi:https://registry.npmjs.org/autoprefixer cache-miss
95 silly packumentCache corgi:https://registry.npmjs.org/arg cache-miss
96 silly packumentCache corgi:https://registry.npmjs.org/anymatch cache-miss
97 silly packumentCache corgi:https://registry.npmjs.org/@vitejs%2fplugin-react cache-miss
98 silly packumentCache corgi:https://registry.npmjs.org/@types%2festree cache-miss
99 silly packumentCache corgi:https://registry.npmjs.org/@types%2fbabel__traverse cache-miss
100 silly packumentCache corgi:https://registry.npmjs.org/@types%2fbabel__template cache-miss
101 silly packumentCache corgi:https://registry.npmjs.org/@types%2fbabel__generator cache-miss
102 silly packumentCache corgi:https://registry.npmjs.org/@rollup%2frollup-win32-x64-gnu cache-miss
103 silly packumentCache corgi:https://registry.npmjs.org/@rolldown%2fpluginutils cache-miss
104 silly packumentCache corgi:https://registry.npmjs.org/@types%2fbabel__core cache-miss
105 silly packumentCache corgi:https://registry.npmjs.org/@nodelib%2ffs.stat cache-miss
106 silly packumentCache corgi:https://registry.npmjs.org/@nodelib%2ffs.scandir cache-miss
107 silly packumentCache corgi:https://registry.npmjs.org/@nodelib%2ffs.walk cache-miss
108 silly packumentCache corgi:https://registry.npmjs.org/@jridgewell%2ftrace-mapping cache-miss
109 silly packumentCache corgi:https://registry.npmjs.org/@jridgewell%2fsourcemap-codec cache-miss
110 silly packumentCache corgi:https://registry.npmjs.org/@jridgewell%2fresolve-uri cache-miss
111 silly packumentCache corgi:https://registry.npmjs.org/@jridgewell%2fremapping cache-miss
112 silly packumentCache corgi:https://registry.npmjs.org/@jridgewell%2fgen-mapping cache-miss
113 silly packumentCache corgi:https://registry.npmjs.org/@esbuild%2fwin32-x64 cache-miss
114 silly packumentCache corgi:https://registry.npmjs.org/@babel%2ftypes cache-miss
115 silly packumentCache corgi:https://registry.npmjs.org/@babel%2ftraverse cache-miss
116 silly packumentCache corgi:https://registry.npmjs.org/@babel%2ftemplate cache-miss
117 silly packumentCache corgi:https://registry.npmjs.org/@babel%2fplugin-transform-react-jsx-source cache-miss
118 silly packumentCache corgi:https://registry.npmjs.org/@babel%2fplugin-transform-react-jsx-self cache-miss
119 silly packumentCache corgi:https://registry.npmjs.org/@babel%2fparser cache-miss
120 silly packumentCache corgi:https://registry.npmjs.org/@babel%2fhelpers cache-miss
121 silly packumentCache corgi:https://registry.npmjs.org/@babel%2fhelper-validator-option cache-miss
122 silly packumentCache corgi:https://registry.npmjs.org/@kurkle%2fcolor cache-miss
123 silly packumentCache corgi:https://registry.npmjs.org/@babel%2fhelper-validator-identifier cache-miss
124 silly packumentCache corgi:https://registry.npmjs.org/@babel%2fhelper-string-parser cache-miss
125 silly packumentCache corgi:https://registry.npmjs.org/@babel%2fhelper-plugin-utils cache-miss
126 silly packumentCache corgi:https://registry.npmjs.org/@babel%2fhelper-module-transforms cache-miss
127 silly packumentCache corgi:https://registry.npmjs.org/@babel%2fhelper-globals cache-miss
128 silly packumentCache corgi:https://registry.npmjs.org/@babel%2fhelper-compilation-targets cache-miss
129 silly packumentCache corgi:https://registry.npmjs.org/@babel%2fhelper-module-imports cache-miss
130 silly packumentCache corgi:https://registry.npmjs.org/@babel%2fgenerator cache-miss
131 silly packumentCache corgi:https://registry.npmjs.org/@babel%2fcore cache-miss
132 silly packumentCache corgi:https://registry.npmjs.org/@babel%2fcompat-data cache-miss
133 silly packumentCache corgi:https://registry.npmjs.org/@babel%2fcode-frame cache-miss
134 http cache rollup@https://registry.npmjs.org/rollup/-/rollup-4.60.3.tgz 1ms (cache hit)
135 http cache esbuild@https://registry.npmjs.org/esbuild/-/esbuild-0.21.5.tgz 0ms (cache hit)
136 silly packumentCache corgi:https://registry.npmjs.org/picomatch cache-miss
137 http cache is-number@https://registry.npmjs.org/is-number/-/is-number-7.0.0.tgz 0ms (cache hit)
138 http cache ts-interface-checker@https://registry.npmjs.org/ts-interface-checker/-/ts-interface-checker-0.1.13.tgz 0ms (cache hit)
139 silly packumentCache corgi:https://registry.npmjs.org/fdir cache-miss
140 http cache thenify-all@https://registry.npmjs.org/thenify-all/-/thenify-all-1.6.0.tgz 0ms (cache hit)
141 http cache pirates@https://registry.npmjs.org/pirates/-/pirates-4.0.7.tgz 0ms (cache hit)
142 http cache thenify@https://registry.npmjs.org/thenify/-/thenify-3.3.1.tgz 0ms (cache hit)
143 http cache object-assign@https://registry.npmjs.org/object-assign/-/object-assign-4.1.1.tgz 0ms (cache hit)
144 http cache mz@https://registry.npmjs.org/mz/-/mz-2.7.0.tgz 0ms (cache hit)
145 http cache lines-and-columns@https://registry.npmjs.org/lines-and-columns/-/lines-and-columns-1.2.4.tgz 0ms (cache hit)
146 http cache any-promise@https://registry.npmjs.org/any-promise/-/any-promise-1.3.0.tgz 0ms (cache hit)
147 silly packumentCache corgi:https://registry.npmjs.org/glob-parent cache-miss
148 silly packumentCache corgi:https://registry.npmjs.org/glob-parent cache-miss
149 silly tarball no local data for rollup@https://registry.npmjs.org/rollup/-/rollup-4.60.3.tgz. Extracting by manifest.
150 silly tarball no local data for esbuild@https://registry.npmjs.org/esbuild/-/esbuild-0.21.5.tgz. Extracting by manifest.
151 silly tarball no local data for is-number@https://registry.npmjs.org/is-number/-/is-number-7.0.0.tgz. Extracting by manifest.
152 silly tarball no local data for ts-interface-checker@https://registry.npmjs.org/ts-interface-checker/-/ts-interface-checker-0.1.13.tgz. Extracting by manifest.
153 silly tarball no local data for thenify-all@https://registry.npmjs.org/thenify-all/-/thenify-all-1.6.0.tgz. Extracting by manifest.
154 silly tarball no local data for pirates@https://registry.npmjs.org/pirates/-/pirates-4.0.7.tgz. Extracting by manifest.
155 silly tarball no local data for thenify@https://registry.npmjs.org/thenify/-/thenify-3.3.1.tgz. Extracting by manifest.
156 silly tarball no local data for object-assign@https://registry.npmjs.org/object-assign/-/object-assign-4.1.1.tgz. Extracting by manifest.
157 silly tarball no local data for mz@https://registry.npmjs.org/mz/-/mz-2.7.0.tgz. Extracting by manifest.
158 silly tarball no local data for lines-and-columns@https://registry.npmjs.org/lines-and-columns/-/lines-and-columns-1.2.4.tgz. Extracting by manifest.
159 silly tarball no local data for any-promise@https://registry.npmjs.org/any-promise/-/any-promise-1.3.0.tgz. Extracting by manifest.
160 http cache @rollup/rollup-win32-x64-msvc@https://registry.npmjs.org/@rollup/rollup-win32-x64-msvc/-/rollup-win32-x64-msvc-4.60.3.tgz 0ms (cache hit)
161 silly packumentCache corgi:https://registry.npmjs.org/@alloc%2fquick-lru cache-miss
162 silly tarball no local data for @rollup/rollup-win32-x64-msvc@https://registry.npmjs.org/@rollup/rollup-win32-x64-msvc/-/rollup-win32-x64-msvc-4.60.3.tgz. Extracting by manifest.
163 http fetch GET 200 https://registry.npmjs.org/read-cache 2057ms (cache miss)
164 silly packumentCache corgi:https://registry.npmjs.org/read-cache set size:undefined disposed:false
165 http fetch GET 200 https://registry.npmjs.org/readdirp 2077ms (cache miss)
166 silly packumentCache corgi:https://registry.npmjs.org/readdirp set size:undefined disposed:false
167 http fetch GET 200 https://registry.npmjs.org/yallist 2108ms (cache miss)
168 silly packumentCache corgi:https://registry.npmjs.org/yallist set size:undefined disposed:false
169 http fetch GET 200 https://registry.npmjs.org/supports-preserve-symlinks-flag 2127ms (cache miss)
170 silly packumentCache corgi:https://registry.npmjs.org/supports-preserve-symlinks-flag set size:undefined disposed:false
171 http fetch GET 200 https://registry.npmjs.org/semver 2130ms (cache miss)
172 silly packumentCache corgi:https://registry.npmjs.org/semver set size:undefined disposed:false
173 http fetch GET 200 https://registry.npmjs.org/reusify 2165ms (cache miss)
174 silly packumentCache corgi:https://registry.npmjs.org/reusify set size:undefined disposed:false
175 http fetch GET 200 https://registry.npmjs.org/run-parallel 2215ms (cache miss)
176 silly packumentCache corgi:https://registry.npmjs.org/run-parallel set size:undefined disposed:false
177 http fetch GET 200 https://registry.npmjs.org/util-deprecate 3135ms (cache miss)
178 silly packumentCache corgi:https://registry.npmjs.org/util-deprecate set size:undefined disposed:false
179 http fetch GET 200 https://registry.npmjs.org/tinyglobby 3135ms (cache miss)
180 silly packumentCache corgi:https://registry.npmjs.org/tinyglobby set size:undefined disposed:false
181 http fetch GET 200 https://registry.npmjs.org/to-regex-range 3145ms (cache miss)
182 silly packumentCache corgi:https://registry.npmjs.org/to-regex-range set size:undefined disposed:false
183 http fetch GET 200 https://registry.npmjs.org/source-map-js 3155ms (cache miss)
184 silly packumentCache corgi:https://registry.npmjs.org/source-map-js set size:undefined disposed:false
185 http fetch GET 200 https://registry.npmjs.org/update-browserslist-db 3168ms (cache miss)
186 silly packumentCache corgi:https://registry.npmjs.org/update-browserslist-db set size:undefined disposed:false
187 http fetch GET 200 https://registry.npmjs.org/react-chartjs-2 3181ms (cache miss)
188 silly packumentCache corgi:https://registry.npmjs.org/react-chartjs-2 set size:undefined disposed:false
189 http fetch GET 200 https://registry.npmjs.org/resolve 3228ms (cache miss)
190 silly packumentCache corgi:https://registry.npmjs.org/resolve set size:undefined disposed:false
191 http fetch GET 200 https://registry.npmjs.org/sucrase 3260ms (cache miss)
192 silly packumentCache corgi:https://registry.npmjs.org/sucrase set size:undefined disposed:false
193 http fetch GET 200 https://registry.npmjs.org/queue-microtask 3670ms (cache miss)
194 silly packumentCache corgi:https://registry.npmjs.org/queue-microtask set size:undefined disposed:false
195 http fetch GET 200 https://registry.npmjs.org/postcss-value-parser 3978ms (cache miss)
196 silly packumentCache corgi:https://registry.npmjs.org/postcss-value-parser set size:undefined disposed:false
197 http fetch GET 200 https://registry.npmjs.org/postcss-selector-parser 4509ms (cache miss)
198 silly packumentCache corgi:https://registry.npmjs.org/postcss-selector-parser set size:undefined disposed:false
199 http fetch GET 200 https://registry.npmjs.org/postcss-nested 4631ms (cache miss)
200 silly packumentCache corgi:https://registry.npmjs.org/postcss-nested set size:undefined disposed:false
201 http fetch GET 200 https://registry.npmjs.org/postcss-js 4649ms (cache miss)
202 silly packumentCache corgi:https://registry.npmjs.org/postcss-js set size:undefined disposed:false
203 http fetch GET 200 https://registry.npmjs.org/postcss-load-config 4667ms (cache miss)
204 silly packumentCache corgi:https://registry.npmjs.org/postcss-load-config set size:undefined disposed:false
205 http fetch GET 200 https://registry.npmjs.org/postcss-import 4693ms (cache miss)
206 silly packumentCache corgi:https://registry.npmjs.org/postcss-import set size:undefined disposed:false
207 http fetch GET 200 https://registry.npmjs.org/pify 5426ms (cache miss)
208 silly packumentCache corgi:https://registry.npmjs.org/pify set size:undefined disposed:false
209 http fetch GET 200 https://registry.npmjs.org/picomatch 5827ms (cache miss)
210 silly packumentCache corgi:https://registry.npmjs.org/picomatch set size:undefined disposed:false
211 http fetch GET 200 https://registry.npmjs.org/picocolors 6293ms (cache miss)
212 silly packumentCache corgi:https://registry.npmjs.org/picocolors set size:undefined disposed:false
213 http fetch GET 200 https://registry.npmjs.org/path-parse 6567ms (cache miss)
214 silly packumentCache corgi:https://registry.npmjs.org/path-parse set size:undefined disposed:false
215 http fetch GET 200 https://registry.npmjs.org/normalize-path 6695ms (cache miss)
216 silly packumentCache corgi:https://registry.npmjs.org/normalize-path set size:undefined disposed:false
217 http fetch GET 200 https://registry.npmjs.org/object-hash 6700ms (cache miss)
218 silly packumentCache corgi:https://registry.npmjs.org/object-hash set size:undefined disposed:false
219 http fetch GET 200 https://registry.npmjs.org/postcss 7826ms (cache miss)
220 silly packumentCache corgi:https://registry.npmjs.org/postcss set size:undefined disposed:false
221 http fetch GET 200 https://registry.npmjs.org/ms 7573ms (cache miss)
222 silly packumentCache corgi:https://registry.npmjs.org/ms set size:undefined disposed:false
223 http fetch GET 200 https://registry.npmjs.org/react-refresh 9185ms (cache miss)
224 silly packumentCache corgi:https://registry.npmjs.org/react-refresh set size:undefined disposed:false
225 http fetch GET 200 https://registry.npmjs.org/micromatch 8382ms (cache miss)
226 silly packumentCache corgi:https://registry.npmjs.org/micromatch set size:undefined disposed:false
227 http fetch GET 200 https://registry.npmjs.org/merge2 8649ms (cache miss)
228 silly packumentCache corgi:https://registry.npmjs.org/merge2 set size:undefined disposed:false
229 http fetch GET 200 https://registry.npmjs.org/loose-envify 9513ms (cache miss)
230 silly packumentCache corgi:https://registry.npmjs.org/loose-envify set size:undefined disposed:false
231 http fetch GET 200 https://registry.npmjs.org/node-releases 10367ms (cache miss)
232 silly packumentCache corgi:https://registry.npmjs.org/node-releases set size:undefined disposed:false
233 http fetch GET 200 https://registry.npmjs.org/nanoid 9678ms (cache miss)
234 silly packumentCache corgi:https://registry.npmjs.org/nanoid set size:undefined disposed:false
235 http fetch GET 200 https://registry.npmjs.org/lilconfig 9764ms (cache miss)
236 silly packumentCache corgi:https://registry.npmjs.org/lilconfig set size:undefined disposed:false
237 http fetch GET 200 https://registry.npmjs.org/json5 9916ms (cache miss)
238 silly packumentCache corgi:https://registry.npmjs.org/json5 set size:undefined disposed:false
239 http fetch GET 200 https://registry.npmjs.org/js-tokens 10039ms (cache miss)
240 silly packumentCache corgi:https://registry.npmjs.org/js-tokens set size:undefined disposed:false
241 http fetch GET 200 https://registry.npmjs.org/jiti 10330ms (cache miss)
242 silly packumentCache corgi:https://registry.npmjs.org/jiti set size:undefined disposed:false
243 http fetch GET 200 https://registry.npmjs.org/lru-cache 11031ms (cache miss)
244 silly packumentCache corgi:https://registry.npmjs.org/lru-cache set size:undefined disposed:false
245 http fetch GET 200 https://registry.npmjs.org/is-glob 11079ms (cache miss)
246 silly packumentCache corgi:https://registry.npmjs.org/is-glob set size:undefined disposed:false
247 http fetch GET 200 https://registry.npmjs.org/is-extglob 11102ms (cache miss)
248 silly packumentCache corgi:https://registry.npmjs.org/is-extglob set size:undefined disposed:false
249 http fetch GET 200 https://registry.npmjs.org/is-core-module 11217ms (cache miss)
250 silly packumentCache corgi:https://registry.npmjs.org/is-core-module set size:undefined disposed:false
251 http fetch GET 200 https://registry.npmjs.org/is-binary-path 11328ms (cache miss)
252 silly packumentCache corgi:https://registry.npmjs.org/is-binary-path set size:undefined disposed:false
253 http fetch GET 200 https://registry.npmjs.org/hasown 11781ms (cache miss)
254 silly packumentCache corgi:https://registry.npmjs.org/hasown set size:undefined disposed:false
255 http fetch GET 200 https://registry.npmjs.org/jsesc 11910ms (cache miss)
256 silly packumentCache corgi:https://registry.npmjs.org/jsesc set size:undefined disposed:false
257 http fetch GET 200 https://registry.npmjs.org/glob-parent 12410ms (cache miss)
258 silly packumentCache corgi:https://registry.npmjs.org/glob-parent set size:undefined disposed:false
259 http fetch GET 200 https://registry.npmjs.org/vite 13303ms (cache miss)
260 silly packumentCache corgi:https://registry.npmjs.org/vite set size:undefined disposed:false
261 http fetch GET 200 https://registry.npmjs.org/gensync 12461ms (cache miss)
262 silly packumentCache corgi:https://registry.npmjs.org/gensync set size:undefined disposed:false
263 http fetch GET 200 https://registry.npmjs.org/function-bind 12472ms (cache miss)
264 silly packumentCache corgi:https://registry.npmjs.org/function-bind set size:undefined disposed:false
265 http fetch GET 200 https://registry.npmjs.org/dlv 12478ms (cache miss)
266 silly packumentCache corgi:https://registry.npmjs.org/dlv set size:undefined disposed:false
267 http fetch GET 200 https://registry.npmjs.org/escalade 12501ms (cache miss)
268 silly packumentCache corgi:https://registry.npmjs.org/escalade set size:undefined disposed:false
269 http fetch GET 200 https://registry.npmjs.org/es-errors 12513ms (cache miss)
270 silly packumentCache corgi:https://registry.npmjs.org/es-errors set size:undefined disposed:false
271 http fetch GET 200 https://registry.npmjs.org/fill-range 12526ms (cache miss)
272 silly packumentCache corgi:https://registry.npmjs.org/fill-range set size:undefined disposed:false
273 http fetch GET 200 https://registry.npmjs.org/fastq 12565ms (cache miss)
274 silly packumentCache corgi:https://registry.npmjs.org/fastq set size:undefined disposed:false
275 http fetch GET 200 https://registry.npmjs.org/didyoumean 12552ms (cache miss)
276 silly packumentCache corgi:https://registry.npmjs.org/didyoumean set size:undefined disposed:false
277 http fetch GET 200 https://registry.npmjs.org/fast-glob 12584ms (cache miss)
278 silly packumentCache corgi:https://registry.npmjs.org/fast-glob set size:undefined disposed:false
279 http fetch GET 200 https://registry.npmjs.org/fraction.js 12617ms (cache miss)
280 silly packumentCache corgi:https://registry.npmjs.org/fraction.js set size:undefined disposed:false
281 http fetch GET 200 https://registry.npmjs.org/debug 12654ms (cache miss)
282 silly packumentCache corgi:https://registry.npmjs.org/debug set size:undefined disposed:false
283 http fetch GET 200 https://registry.npmjs.org/convert-source-map 12761ms (cache miss)
284 silly packumentCache corgi:https://registry.npmjs.org/convert-source-map set size:undefined disposed:false
285 http fetch GET 200 https://registry.npmjs.org/chokidar 13110ms (cache miss)
286 silly packumentCache corgi:https://registry.npmjs.org/chokidar set size:undefined disposed:false
287 http fetch GET 200 https://registry.npmjs.org/commander 13364ms (cache miss)
288 silly packumentCache corgi:https://registry.npmjs.org/commander set size:undefined disposed:false
289 http fetch GET 200 https://registry.npmjs.org/camelcase-css 13432ms (cache miss)
290 silly packumentCache corgi:https://registry.npmjs.org/camelcase-css set size:undefined disposed:false
291 http fetch GET 200 https://registry.npmjs.org/chart.js 13449ms (cache miss)
292 silly packumentCache corgi:https://registry.npmjs.org/chart.js set size:undefined disposed:false
293 http fetch GET 200 https://registry.npmjs.org/cssesc 13501ms (cache miss)
294 silly packumentCache corgi:https://registry.npmjs.org/cssesc set size:undefined disposed:false
295 http fetch GET 200 https://registry.npmjs.org/braces 16639ms (cache miss)
296 silly packumentCache corgi:https://registry.npmjs.org/braces set size:undefined disposed:false
297 http fetch GET 200 https://registry.npmjs.org/binary-extensions 17212ms (cache miss)
298 silly packumentCache corgi:https://registry.npmjs.org/binary-extensions set size:undefined disposed:false
299 http fetch GET 200 https://registry.npmjs.org/baseline-browser-mapping 18096ms (cache miss)
300 silly packumentCache corgi:https://registry.npmjs.org/baseline-browser-mapping set size:undefined disposed:false
301 http fetch GET 200 https://registry.npmjs.org/arg 18743ms (cache miss)
302 silly packumentCache corgi:https://registry.npmjs.org/arg set size:undefined disposed:false
303 http fetch GET 200 https://registry.npmjs.org/anymatch 18838ms (cache miss)
304 silly packumentCache corgi:https://registry.npmjs.org/anymatch set size:undefined disposed:false
305 http fetch GET 200 https://registry.npmjs.org/autoprefixer 18920ms (cache miss)
306 silly packumentCache corgi:https://registry.npmjs.org/autoprefixer set size:undefined disposed:false
307 http fetch GET 200 https://registry.npmjs.org/@vitejs%2fplugin-react 19606ms (cache miss)
308 silly packumentCache corgi:https://registry.npmjs.org/@vitejs%2fplugin-react set size:undefined disposed:false
309 http fetch GET 200 https://registry.npmjs.org/caniuse-lite 20827ms (cache miss)
310 silly packumentCache corgi:https://registry.npmjs.org/caniuse-lite set size:undefined disposed:false
311 http fetch GET 200 https://registry.npmjs.org/lucide-react 21463ms (cache miss)
312 silly packumentCache corgi:https://registry.npmjs.org/lucide-react set size:undefined disposed:false
313 http fetch GET 200 https://registry.npmjs.org/browserslist 21493ms (cache miss)
314 silly packumentCache corgi:https://registry.npmjs.org/browserslist set size:undefined disposed:false
315 http fetch GET 200 https://registry.npmjs.org/@types%2festree 21730ms (cache miss)
316 silly packumentCache corgi:https://registry.npmjs.org/@types%2festree set size:undefined disposed:false
317 http fetch GET 200 https://registry.npmjs.org/@types%2fbabel__traverse 22058ms (cache miss)
318 silly packumentCache corgi:https://registry.npmjs.org/@types%2fbabel__traverse set size:undefined disposed:false
319 http fetch GET 200 https://registry.npmjs.org/@types%2fbabel__template 22286ms (cache miss)
320 silly packumentCache corgi:https://registry.npmjs.org/@types%2fbabel__template set size:undefined disposed:false
321 http fetch GET 200 https://registry.npmjs.org/@types%2fbabel__generator 22614ms (cache miss)
322 silly packumentCache corgi:https://registry.npmjs.org/@types%2fbabel__generator set size:undefined disposed:false
323 http fetch GET 200 https://registry.npmjs.org/@rollup%2frollup-win32-x64-gnu 22634ms (cache miss)
324 silly packumentCache corgi:https://registry.npmjs.org/@rollup%2frollup-win32-x64-gnu set size:undefined disposed:false
325 http fetch GET 200 https://registry.npmjs.org/@rolldown%2fpluginutils 22713ms (cache miss)
326 silly packumentCache corgi:https://registry.npmjs.org/@rolldown%2fpluginutils set size:undefined disposed:false
327 http fetch GET 200 https://registry.npmjs.org/@types%2fbabel__core 23076ms (cache miss)
328 silly packumentCache corgi:https://registry.npmjs.org/@types%2fbabel__core set size:undefined disposed:false
329 http fetch GET 200 https://registry.npmjs.org/@nodelib%2ffs.stat 23238ms (cache miss)
330 silly packumentCache corgi:https://registry.npmjs.org/@nodelib%2ffs.stat set size:undefined disposed:false
331 http fetch GET 200 https://registry.npmjs.org/@nodelib%2ffs.scandir 23401ms (cache miss)
332 silly packumentCache corgi:https://registry.npmjs.org/@nodelib%2ffs.scandir set size:undefined disposed:false
333 http fetch GET 200 https://registry.npmjs.org/@nodelib%2ffs.walk 23440ms (cache miss)
334 silly packumentCache corgi:https://registry.npmjs.org/@nodelib%2ffs.walk set size:undefined disposed:false
335 http fetch GET 200 https://registry.npmjs.org/@jridgewell%2ftrace-mapping 24052ms (cache miss)
336 silly packumentCache corgi:https://registry.npmjs.org/@jridgewell%2ftrace-mapping set size:undefined disposed:false
337 http fetch GET 200 https://registry.npmjs.org/@jridgewell%2fsourcemap-codec 24067ms (cache miss)
338 silly packumentCache corgi:https://registry.npmjs.org/@jridgewell%2fsourcemap-codec set size:undefined disposed:false
339 http fetch GET 200 https://registry.npmjs.org/@jridgewell%2fresolve-uri 24103ms (cache miss)
340 silly packumentCache corgi:https://registry.npmjs.org/@jridgewell%2fresolve-uri set size:undefined disposed:false
341 http fetch GET 200 https://registry.npmjs.org/@jridgewell%2fgen-mapping 24107ms (cache miss)
342 silly packumentCache corgi:https://registry.npmjs.org/@jridgewell%2fgen-mapping set size:undefined disposed:false
343 http fetch GET 200 https://registry.npmjs.org/@jridgewell%2fremapping 24111ms (cache miss)
344 silly packumentCache corgi:https://registry.npmjs.org/@jridgewell%2fremapping set size:undefined disposed:false
345 http fetch GET 200 https://registry.npmjs.org/@esbuild%2fwin32-x64 24238ms (cache miss)
346 silly packumentCache corgi:https://registry.npmjs.org/@esbuild%2fwin32-x64 set size:undefined disposed:false
347 http fetch GET 200 https://registry.npmjs.org/@babel%2ftemplate 25311ms (cache miss)
348 silly packumentCache corgi:https://registry.npmjs.org/@babel%2ftemplate set size:undefined disposed:false
349 http fetch GET 200 https://registry.npmjs.org/@babel%2ftraverse 25509ms (cache miss)
350 silly packumentCache corgi:https://registry.npmjs.org/@babel%2ftraverse set size:undefined disposed:false
351 http fetch GET 200 https://registry.npmjs.org/@babel%2fplugin-transform-react-jsx-self 25760ms (cache miss)
352 silly packumentCache corgi:https://registry.npmjs.org/@babel%2fplugin-transform-react-jsx-self set size:undefined disposed:false
353 http fetch GET 200 https://registry.npmjs.org/@babel%2fplugin-transform-react-jsx-source 25794ms (cache miss)
354 silly packumentCache corgi:https://registry.npmjs.org/@babel%2fplugin-transform-react-jsx-source set size:undefined disposed:false
355 http fetch GET 200 https://registry.npmjs.org/@babel%2fhelpers 26098ms (cache miss)
356 silly packumentCache corgi:https://registry.npmjs.org/@babel%2fhelpers set size:undefined disposed:false
357 http fetch GET 200 https://registry.npmjs.org/@babel%2fhelper-validator-option 26135ms (cache miss)
358 silly packumentCache corgi:https://registry.npmjs.org/@babel%2fhelper-validator-option set size:undefined disposed:false
359 http fetch GET 200 https://registry.npmjs.org/@babel%2fhelper-validator-identifier 26184ms (cache miss)
360 silly packumentCache corgi:https://registry.npmjs.org/@babel%2fhelper-validator-identifier set size:undefined disposed:false
361 http fetch GET 200 https://registry.npmjs.org/@kurkle%2fcolor 26205ms (cache miss)
362 silly packumentCache corgi:https://registry.npmjs.org/@kurkle%2fcolor set size:undefined disposed:false
363 http fetch GET 200 https://registry.npmjs.org/@babel%2ftypes 26304ms (cache miss)
364 silly packumentCache corgi:https://registry.npmjs.org/@babel%2ftypes set size:undefined disposed:false
365 http fetch GET 200 https://registry.npmjs.org/@babel%2fhelper-string-parser 26858ms (cache miss)
366 silly packumentCache corgi:https://registry.npmjs.org/@babel%2fhelper-string-parser set size:undefined disposed:false
367 http fetch GET 200 https://registry.npmjs.org/@babel%2fhelper-plugin-utils 27123ms (cache miss)
368 silly packumentCache corgi:https://registry.npmjs.org/@babel%2fhelper-plugin-utils set size:undefined disposed:false
369 http fetch GET 200 https://registry.npmjs.org/@babel%2fhelper-module-transforms 27648ms (cache miss)
370 silly packumentCache corgi:https://registry.npmjs.org/@babel%2fhelper-module-transforms set size:undefined disposed:false
371 http fetch GET 200 https://registry.npmjs.org/@babel%2fhelper-globals 27662ms (cache miss)
372 silly packumentCache corgi:https://registry.npmjs.org/@babel%2fhelper-globals set size:undefined disposed:false
373 http fetch GET 200 https://registry.npmjs.org/@babel%2fparser 27861ms (cache miss)
374 silly packumentCache corgi:https://registry.npmjs.org/@babel%2fparser set size:undefined disposed:false
375 http fetch GET 200 https://registry.npmjs.org/@babel%2fhelper-compilation-targets 28146ms (cache miss)
376 silly packumentCache corgi:https://registry.npmjs.org/@babel%2fhelper-compilation-targets set size:undefined disposed:false
377 http fetch GET 200 https://registry.npmjs.org/@babel%2fhelper-module-imports 28440ms (cache miss)
378 silly packumentCache corgi:https://registry.npmjs.org/@babel%2fhelper-module-imports set size:undefined disposed:false
379 http fetch GET 200 https://registry.npmjs.org/@babel%2fgenerator 28965ms (cache miss)
380 silly packumentCache corgi:https://registry.npmjs.org/@babel%2fgenerator set size:undefined disposed:false
381 http fetch GET 200 https://registry.npmjs.org/@babel%2fcompat-data 29098ms (cache miss)
382 silly packumentCache corgi:https://registry.npmjs.org/@babel%2fcompat-data set size:undefined disposed:false
383 http fetch GET 200 https://registry.npmjs.org/@babel%2fcode-frame 29590ms (cache miss)
384 silly packumentCache corgi:https://registry.npmjs.org/@babel%2fcode-frame set size:undefined disposed:false
385 http fetch GET 200 https://registry.npmjs.org/picomatch 29705ms (cache miss)
386 silly packumentCache corgi:https://registry.npmjs.org/picomatch set size:undefined disposed:false
387 http fetch GET 200 https://registry.npmjs.org/fdir 29860ms (cache miss)
388 silly packumentCache corgi:https://registry.npmjs.org/fdir set size:undefined disposed:false
389 http fetch GET 200 https://registry.npmjs.org/glob-parent 29849ms (cache miss)
390 silly packumentCache corgi:https://registry.npmjs.org/glob-parent set size:undefined disposed:false
391 http fetch GET 200 https://registry.npmjs.org/glob-parent 29863ms (cache miss)
392 silly packumentCache corgi:https://registry.npmjs.org/glob-parent set size:undefined disposed:false
393 http fetch GET 200 https://registry.npmjs.org/pirates/-/pirates-4.0.7.tgz 30166ms (cache miss)
394 http fetch GET 200 https://registry.npmjs.org/is-number/-/is-number-7.0.0.tgz 30183ms (cache miss)
395 http fetch GET 200 https://registry.npmjs.org/thenify-all/-/thenify-all-1.6.0.tgz 30201ms (cache miss)
396 http fetch GET 200 https://registry.npmjs.org/thenify/-/thenify-3.3.1.tgz 30203ms (cache miss)
397 http fetch GET 200 https://registry.npmjs.org/object-assign/-/object-assign-4.1.1.tgz 30227ms (cache miss)
398 http fetch GET 200 https://registry.npmjs.org/mz/-/mz-2.7.0.tgz 30228ms (cache miss)
399 http fetch GET 200 https://registry.npmjs.org/lines-and-columns/-/lines-and-columns-1.2.4.tgz 30260ms (cache miss)
400 http fetch GET 200 https://registry.npmjs.org/@babel%2fcore 30721ms (cache miss)
401 silly packumentCache corgi:https://registry.npmjs.org/@babel%2fcore set size:undefined disposed:false
402 http fetch GET 200 https://registry.npmjs.org/any-promise/-/any-promise-1.3.0.tgz 30303ms (cache miss)
403 http fetch GET 200 https://registry.npmjs.org/@alloc%2fquick-lru 30310ms (cache miss)
404 silly packumentCache corgi:https://registry.npmjs.org/@alloc%2fquick-lru set size:undefined disposed:false
405 http fetch GET 200 https://registry.npmjs.org/esbuild/-/esbuild-0.21.5.tgz 30750ms (cache miss)
406 http fetch GET 200 https://registry.npmjs.org/read-cache/-/read-cache-1.0.0.tgz 30437ms (cache miss)
407 http fetch GET 200 https://registry.npmjs.org/readdirp/-/readdirp-3.6.0.tgz 30578ms (cache miss)
408 http fetch GET 200 https://registry.npmjs.org/semver/-/semver-6.3.1.tgz 30565ms (cache miss)
409 http fetch GET 200 https://registry.npmjs.org/yallist/-/yallist-3.1.1.tgz 30691ms (cache miss)
410 http fetch GET 200 https://registry.npmjs.org/supports-preserve-symlinks-flag/-/supports-preserve-symlinks-flag-1.0.0.tgz 30796ms (cache miss)
411 http fetch GET 200 https://registry.npmjs.org/reusify/-/reusify-1.1.0.tgz 30774ms (cache miss)
412 http fetch GET 200 https://registry.npmjs.org/ts-interface-checker/-/ts-interface-checker-0.1.13.tgz 31581ms (cache miss)
413 http fetch GET 200 https://registry.npmjs.org/run-parallel/-/run-parallel-1.2.0.tgz 30897ms (cache miss)
414 http fetch GET 200 https://registry.npmjs.org/tinyglobby/-/tinyglobby-0.2.16.tgz 29990ms (cache miss)
415 http fetch GET 200 https://registry.npmjs.org/util-deprecate/-/util-deprecate-1.0.2.tgz 30001ms (cache miss)
416 http fetch GET 200 https://registry.npmjs.org/to-regex-range/-/to-regex-range-5.0.1.tgz 30024ms (cache miss)
417 http fetch GET 200 https://registry.npmjs.org/react-chartjs-2/-/react-chartjs-2-5.3.1.tgz 30276ms (cache miss)
418 http fetch GET 200 https://registry.npmjs.org/source-map-js/-/source-map-js-1.2.1.tgz 30379ms (cache miss)
419 http fetch GET 200 https://registry.npmjs.org/update-browserslist-db/-/update-browserslist-db-1.2.3.tgz 30375ms (cache miss)
420 http fetch GET 200 https://registry.npmjs.org/postcss-value-parser/-/postcss-value-parser-4.2.0.tgz 29608ms (cache miss)
421 http fetch GET 200 https://registry.npmjs.org/queue-microtask/-/queue-microtask-1.2.3.tgz 30234ms (cache miss)
422 http fetch GET 200 https://registry.npmjs.org/resolve/-/resolve-1.22.12.tgz 30871ms (cache miss)
423 http fetch GET 200 https://registry.npmjs.org/electron-to-chromium 33347ms (cache miss)
424 silly packumentCache corgi:https://registry.npmjs.org/electron-to-chromium set size:undefined disposed:false
425 http fetch GET 200 https://registry.npmjs.org/postcss-nested/-/postcss-nested-6.2.0.tgz 31939ms (cache miss)
426 http fetch GET 200 https://registry.npmjs.org/pify/-/pify-2.3.0.tgz 31530ms (cache miss)
427 http fetch GET 200 https://registry.npmjs.org/normalize-path/-/normalize-path-3.0.0.tgz 30345ms (cache miss)
428 http fetch GET 200 https://registry.npmjs.org/postcss-js/-/postcss-js-4.1.0.tgz 32475ms (cache miss)
429 http fetch GET 200 https://registry.npmjs.org/object-hash/-/object-hash-3.0.0.tgz 30410ms (cache miss)
430 http fetch GET 200 https://registry.npmjs.org/path-parse/-/path-parse-1.0.7.tgz 30562ms (cache miss)
431 http fetch GET 200 https://registry.npmjs.org/react-refresh/-/react-refresh-0.17.0.tgz 27933ms (cache miss)
432 http fetch GET 200 https://registry.npmjs.org/postcss-load-config/-/postcss-load-config-6.0.1.tgz 32470ms (cache miss)
433 http fetch GET 200 https://registry.npmjs.org/picocolors/-/picocolors-1.1.1.tgz 30842ms (cache miss)
434 http fetch GET 200 https://registry.npmjs.org/postcss-import/-/postcss-import-15.1.0.tgz 32472ms (cache miss)
435 http fetch GET 200 https://registry.npmjs.org/ms/-/ms-2.1.3.tgz 28786ms (cache miss)
436 http fetch GET 200 https://registry.npmjs.org/picomatch/-/picomatch-2.3.2.tgz 31358ms (cache miss)
437 http fetch GET 200 https://registry.npmjs.org/loose-envify/-/loose-envify-1.4.0.tgz 26909ms (cache miss)
438 http fetch GET 200 https://registry.npmjs.org/postcss-selector-parser/-/postcss-selector-parser-6.1.2.tgz 32745ms (cache miss)
439 http fetch GET 200 https://registry.npmjs.org/nanoid/-/nanoid-3.3.12.tgz 26747ms (cache miss)
440 http fetch GET 200 https://registry.npmjs.org/node-releases/-/node-releases-2.0.38.tgz 26871ms (cache miss)
441 http fetch GET 200 https://registry.npmjs.org/lilconfig/-/lilconfig-3.1.3.tgz 26672ms (cache miss)
442 http fetch GET 200 https://registry.npmjs.org/js-tokens/-/js-tokens-4.0.0.tgz 26416ms (cache miss)
443 http fetch GET 200 https://registry.npmjs.org/postcss/-/postcss-8.5.14.tgz 29494ms (cache miss)
444 http fetch GET 200 https://registry.npmjs.org/micromatch/-/micromatch-4.0.8.tgz 28118ms (cache miss)
445 http fetch GET 200 https://registry.npmjs.org/merge2/-/merge2-1.4.1.tgz 28241ms (cache miss)
446 http fetch GET 200 https://registry.npmjs.org/is-binary-path/-/is-binary-path-2.1.0.tgz 26425ms (cache miss)
447 http fetch GET 200 https://registry.npmjs.org/function-bind/-/function-bind-1.1.2.tgz 25397ms (cache miss)
448 http fetch GET 200 https://registry.npmjs.org/json5/-/json5-2.2.3.tgz 28705ms (cache miss)
449 http fetch GET 200 https://registry.npmjs.org/escalade/-/escalade-3.2.0.tgz 26279ms (cache miss)
450 http fetch GET 200 https://registry.npmjs.org/is-glob/-/is-glob-4.0.3.tgz 27840ms (cache miss)
451 http fetch GET 200 https://registry.npmjs.org/gensync/-/gensync-1.0.0-beta.2.tgz 26443ms (cache miss)
452 http fetch GET 200 https://registry.npmjs.org/jsesc/-/jsesc-3.1.0.tgz 27013ms (cache miss)
453 http fetch GET 200 https://registry.npmjs.org/debug/-/debug-4.4.3.tgz 26271ms (cache miss)
454 http fetch GET 200 https://registry.npmjs.org/glob-parent/-/glob-parent-6.0.2.tgz 26591ms (cache miss)
455 http fetch GET 200 https://registry.npmjs.org/fast-glob/-/fast-glob-3.3.3.tgz 26573ms (cache miss)
456 http fetch GET 200 https://registry.npmjs.org/braces/-/braces-3.0.3.tgz 22686ms (cache miss)
457 http fetch GET 200 https://registry.npmjs.org/dlv/-/dlv-1.1.3.tgz 26992ms (cache miss)
458 http fetch GET 200 https://registry.npmjs.org/@types/babel__generator/-/babel__generator-7.27.0.tgz 17695ms (cache miss)
459 http fetch GET 200 https://registry.npmjs.org/@rolldown/pluginutils/-/pluginutils-1.0.0-beta.27.tgz 17667ms (cache miss)
460 http fetch GET 200 https://registry.npmjs.org/is-extglob/-/is-extglob-2.1.1.tgz 29522ms (cache miss)
461 http fetch GET 200 https://registry.npmjs.org/fill-range/-/fill-range-7.1.1.tgz 28106ms (cache miss)
462 http fetch GET 200 https://registry.npmjs.org/didyoumean/-/didyoumean-1.2.2.tgz 28149ms (cache miss)
463 http fetch GET 200 https://registry.npmjs.org/es-errors/-/es-errors-1.3.0.tgz 28216ms (cache miss)
464 http fetch GET 200 https://registry.npmjs.org/hasown/-/hasown-2.0.3.tgz 28950ms (cache miss)
465 http fetch GET 200 https://registry.npmjs.org/lru-cache/-/lru-cache-5.1.1.tgz 29795ms (cache miss)
466 http fetch GET 200 https://registry.npmjs.org/convert-source-map/-/convert-source-map-2.0.0.tgz 28093ms (cache miss)
467 http fetch GET 200 https://registry.npmjs.org/arg/-/arg-5.0.2.tgz 22097ms (cache miss)
468 http fetch GET 200 https://registry.npmjs.org/anymatch/-/anymatch-3.1.3.tgz 22028ms (cache miss)
469 http fetch GET 200 https://registry.npmjs.org/scheduler 41893ms (cache miss)
470 silly packumentCache corgi:https://registry.npmjs.org/scheduler set size:undefined disposed:false
471 http fetch GET 200 https://registry.npmjs.org/is-core-module/-/is-core-module-2.16.2.tgz 29857ms (cache miss)
472 http fetch GET 200 https://registry.npmjs.org/@types/babel__template/-/babel__template-7.4.4.tgz 18708ms (cache miss)
473 http fetch GET 200 https://registry.npmjs.org/chokidar/-/chokidar-3.6.0.tgz 27912ms (cache miss)
474 http fetch GET 200 https://registry.npmjs.org/commander/-/commander-4.1.1.tgz 27657ms (cache miss)
475 http fetch GET 200 https://registry.npmjs.org/cssesc/-/cssesc-3.0.0.tgz 27624ms (cache miss)
476 http fetch GET 200 https://registry.npmjs.org/fraction.js/-/fraction.js-5.3.4.tgz 29015ms (cache miss)
477 http fetch GET 200 https://registry.npmjs.org/@types/babel__core/-/babel__core-7.20.5.tgz 18496ms (cache miss)
478 http fetch GET 200 https://registry.npmjs.org/binary-extensions/-/binary-extensions-2.3.0.tgz 24395ms (cache miss)
479 http fetch GET 200 https://registry.npmjs.org/camelcase-css/-/camelcase-css-2.0.1.tgz 28180ms (cache miss)
480 http fetch GET 200 https://registry.npmjs.org/autoprefixer/-/autoprefixer-10.5.0.tgz 22698ms (cache miss)
481 http fetch GET 200 https://registry.npmjs.org/@types/estree/-/estree-1.0.8.tgz 19884ms (cache miss)
482 http fetch GET 200 https://registry.npmjs.org/browserslist/-/browserslist-4.28.2.tgz 20134ms (cache miss)
483 http fetch GET 200 https://registry.npmjs.org/fastq/-/fastq-1.20.1.tgz 29112ms (cache miss)
484 http fetch GET 200 https://registry.npmjs.org/@vitejs/plugin-react/-/plugin-react-4.7.0.tgz 22015ms (cache miss)
485 http fetch GET 200 https://registry.npmjs.org/@nodelib/fs.walk/-/fs.walk-1.2.8.tgz 18285ms (cache miss)
486 http fetch GET 200 https://registry.npmjs.org/@types/babel__traverse/-/babel__traverse-7.28.0.tgz 19697ms (cache miss)
487 http fetch GET 200 https://registry.npmjs.org/baseline-browser-mapping/-/baseline-browser-mapping-2.10.29.tgz 23702ms (cache miss)
488 http fetch GET 200 https://registry.npmjs.org/@jridgewell/resolve-uri/-/resolve-uri-3.1.2.tgz 18246ms (cache miss)
489 http fetch GET 200 https://registry.npmjs.org/@nodelib/fs.stat/-/fs.stat-2.0.5.tgz 19281ms (cache miss)
490 http fetch GET 200 https://registry.npmjs.org/@nodelib/fs.scandir/-/fs.scandir-2.1.5.tgz 19700ms (cache miss)
491 http fetch GET 200 https://registry.npmjs.org/@jridgewell/sourcemap-codec/-/sourcemap-codec-1.5.5.tgz 19566ms (cache miss)
492 http fetch GET 200 https://registry.npmjs.org/@jridgewell/remapping/-/remapping-2.3.5.tgz 20032ms (cache miss)
493 http fetch GET 200 https://registry.npmjs.org/@jridgewell/trace-mapping/-/trace-mapping-0.3.31.tgz 20341ms (cache miss)
494 http fetch GET 200 https://registry.npmjs.org/@babel/helper-validator-option/-/helper-validator-option-7.27.1.tgz 18330ms (cache miss)
495 http fetch GET 200 https://registry.npmjs.org/@babel/helper-plugin-utils/-/helper-plugin-utils-7.28.6.tgz 17419ms (cache miss)
496 http fetch GET 200 https://registry.npmjs.org/@babel/plugin-transform-react-jsx-self/-/plugin-transform-react-jsx-self-7.27.1.tgz 18875ms (cache miss)
497 http fetch GET 200 https://registry.npmjs.org/@kurkle/color/-/color-0.3.4.tgz 18430ms (cache miss)
498 http fetch GET 200 https://registry.npmjs.org/@babel/plugin-transform-react-jsx-source/-/plugin-transform-react-jsx-source-7.27.1.tgz 18881ms (cache miss)
499 http fetch GET 200 https://registry.npmjs.org/@babel/helper-globals/-/helper-globals-7.28.0.tgz 17016ms (cache miss)
500 http fetch GET 200 https://registry.npmjs.org/tailwindcss 45722ms (cache miss)
501 silly packumentCache corgi:https://registry.npmjs.org/tailwindcss set size:undefined disposed:false
502 http fetch GET 200 https://registry.npmjs.org/@jridgewell/gen-mapping/-/gen-mapping-0.3.13.tgz 20699ms (cache miss)
503 http fetch GET 200 https://registry.npmjs.org/@babel/helper-module-transforms/-/helper-module-transforms-7.28.6.tgz 17146ms (cache miss)
504 http fetch GET 200 https://registry.npmjs.org/@babel/helper-validator-identifier/-/helper-validator-identifier-7.28.5.tgz 18701ms (cache miss)
505 http fetch GET 200 https://registry.npmjs.org/@babel/template/-/template-7.28.6.tgz 19586ms (cache miss)
506 http fetch GET 200 https://registry.npmjs.org/picomatch/-/picomatch-4.0.4.tgz 15164ms (cache miss)
507 http fetch GET 200 https://registry.npmjs.org/@babel/helper-module-imports/-/helper-module-imports-7.28.6.tgz 16451ms (cache miss)
508 http fetch GET 200 https://registry.npmjs.org/@babel/compat-data/-/compat-data-7.29.3.tgz 15802ms (cache miss)
509 http fetch GET 200 https://registry.npmjs.org/@babel/code-frame/-/code-frame-7.29.0.tgz 15290ms (cache miss)
510 http fetch GET 200 https://registry.npmjs.org/@babel/helper-string-parser/-/helper-string-parser-7.27.1.tgz 18177ms (cache miss)
511 http fetch GET 200 https://registry.npmjs.org/glob-parent/-/glob-parent-5.1.2.tgz 15316ms (cache miss)
512 http fetch GET 200 https://registry.npmjs.org/react-dom 46198ms (cache miss)
513 silly packumentCache corgi:https://registry.npmjs.org/react-dom set size:undefined disposed:false
514 http fetch GET 200 https://registry.npmjs.org/@babel/helper-compilation-targets/-/helper-compilation-targets-7.28.6.tgz 17277ms (cache miss)
515 http fetch GET 200 https://registry.npmjs.org/@alloc/quick-lru/-/quick-lru-5.2.0.tgz 14852ms (cache miss)
516 http fetch GET 200 https://registry.npmjs.org/electron-to-chromium/-/electron-to-chromium-1.5.353.tgz 12463ms (cache miss)
517 http fetch GET 200 https://registry.npmjs.org/fdir/-/fdir-6.5.0.tgz 15975ms (cache miss)
518 http fetch GET 200 https://registry.npmjs.org/glob-parent/-/glob-parent-5.1.2.tgz 16126ms (cache miss)
519 http fetch GET 200 https://registry.npmjs.org/scheduler/-/scheduler-0.23.2.tgz 5266ms (cache miss)
520 http fetch GET 200 https://registry.npmjs.org/react 49990ms (cache miss)
521 silly packumentCache corgi:https://registry.npmjs.org/react set size:undefined disposed:false
522 http fetch GET 200 https://registry.npmjs.org/@rollup/rollup-win32-x64-msvc/-/rollup-win32-x64-msvc-4.60.3.tgz 51438ms (cache miss)
523 http fetch GET 200 https://registry.npmjs.org/jiti/-/jiti-1.21.7.tgz 41893ms (cache miss)
524 http fetch GET 200 https://registry.npmjs.org/@rollup/rollup-win32-x64-gnu/-/rollup-win32-x64-gnu-4.60.3.tgz 30420ms (cache miss)
525 http fetch GET 200 https://registry.npmjs.org/react/-/react-18.3.1.tgz 4327ms (cache miss)
526 http fetch GET 200 https://registry.npmjs.org/@babel/parser/-/parser-7.29.3.tgz 25573ms (cache miss)
527 http fetch GET 200 https://registry.npmjs.org/rollup/-/rollup-4.60.3.tgz 60482ms (cache miss)
528 http fetch GET 200 https://registry.npmjs.org/@babel/generator/-/generator-7.29.1.tgz 37313ms (cache miss)
529 http fetch GET 200 https://registry.npmjs.org/vite/-/vite-5.4.21.tgz 58375ms (cache miss)
530 http fetch GET 200 https://registry.npmjs.org/react-dom/-/react-dom-18.3.1.tgz 29152ms (cache miss)
531 http fetch GET 200 https://registry.npmjs.org/@babel/traverse/-/traverse-7.29.0.tgz 50108ms (cache miss)
532 http fetch GET 200 https://registry.npmjs.org/@esbuild/win32-x64/-/win32-x64-0.21.5.tgz 53610ms (cache miss)
533 http fetch GET 200 https://registry.npmjs.org/chart.js/-/chart.js-4.5.1.tgz 72070ms (cache miss)
534 http fetch GET 200 https://registry.npmjs.org/@babel/core/-/core-7.29.0.tgz 54836ms (cache miss)
535 http fetch GET 200 https://registry.npmjs.org/@babel/types/-/types-7.29.0.tgz 62324ms (cache miss)
536 http fetch GET 200 https://registry.npmjs.org/sucrase/-/sucrase-3.35.1.tgz 89512ms (cache miss)
537 http fetch GET 200 https://registry.npmjs.org/@babel/helpers/-/helpers-7.29.2.tgz 66228ms (cache miss)
538 http fetch GET 200 https://registry.npmjs.org/tailwindcss/-/tailwindcss-3.4.19.tgz 55052ms (cache miss)
539 http fetch GET 200 https://registry.npmjs.org/caniuse-lite/-/caniuse-lite-1.0.30001792.tgz 129365ms (cache miss)
540 http fetch GET 200 https://registry.npmjs.org/lucide-react/-/lucide-react-0.462.0.tgz 222017ms (cache miss)
541 info run esbuild@0.21.5 postinstall node_modules/vite/node_modules/esbuild node install.js
542 info run esbuild@0.21.5 postinstall { code: 0, signal: null }
543 silly ADD node_modules/yallist
544 silly ADD node_modules/vite
545 silly ADD node_modules/vite/node_modules/rollup
546 silly ADD node_modules/vite/node_modules/esbuild
547 silly ADD node_modules/vite/node_modules/@rollup/rollup-win32-x64-msvc
548 silly ADD node_modules/util-deprecate
549 silly ADD node_modules/update-browserslist-db
550 silly ADD node_modules/to-regex-range
551 silly ADD node_modules/to-regex-range/node_modules/is-number
552 silly ADD node_modules/tinyglobby
553 silly ADD node_modules/tinyglobby/node_modules/picomatch
554 silly ADD node_modules/tinyglobby/node_modules/fdir
555 silly ADD node_modules/tailwindcss
556 silly ADD node_modules/supports-preserve-symlinks-flag
557 silly ADD node_modules/sucrase
558 silly ADD node_modules/sucrase/node_modules/ts-interface-checker
559 silly ADD node_modules/sucrase/node_modules/thenify-all
560 silly ADD node_modules/sucrase/node_modules/thenify
561 silly ADD node_modules/sucrase/node_modules/pirates
562 silly ADD node_modules/sucrase/node_modules/object-assign
563 silly ADD node_modules/sucrase/node_modules/mz
564 silly ADD node_modules/sucrase/node_modules/lines-and-columns
565 silly ADD node_modules/sucrase/node_modules/any-promise
566 silly ADD node_modules/source-map-js
567 silly ADD node_modules/semver
568 silly ADD node_modules/scheduler
569 silly ADD node_modules/run-parallel
570 silly ADD node_modules/reusify
571 silly ADD node_modules/resolve
572 silly ADD node_modules/readdirp
573 silly ADD node_modules/read-cache
574 silly ADD node_modules/react-refresh
575 silly ADD node_modules/react-dom
576 silly ADD node_modules/react-chartjs-2
577 silly ADD node_modules/react
578 silly ADD node_modules/queue-microtask
579 silly ADD node_modules/postcss-value-parser
580 silly ADD node_modules/postcss-selector-parser
581 silly ADD node_modules/postcss-nested
582 silly ADD node_modules/postcss-load-config
583 silly ADD node_modules/postcss-js
584 silly ADD node_modules/postcss-import
585 silly ADD node_modules/postcss
586 silly ADD node_modules/pify
587 silly ADD node_modules/picomatch
588 silly ADD node_modules/picocolors
589 silly ADD node_modules/path-parse
590 silly ADD node_modules/object-hash
591 silly ADD node_modules/normalize-path
592 silly ADD node_modules/node-releases
593 silly ADD node_modules/nanoid
594 silly ADD node_modules/ms
595 silly ADD node_modules/micromatch
596 silly ADD node_modules/merge2
597 silly ADD node_modules/lucide-react
598 silly ADD node_modules/lru-cache
599 silly ADD node_modules/loose-envify
600 silly ADD node_modules/lilconfig
601 silly ADD node_modules/json5
602 silly ADD node_modules/jsesc
603 silly ADD node_modules/js-tokens
604 silly ADD node_modules/jiti
605 silly ADD node_modules/is-glob
606 silly ADD node_modules/is-extglob
607 silly ADD node_modules/is-core-module
608 silly ADD node_modules/is-binary-path
609 silly ADD node_modules/hasown
610 silly ADD node_modules/glob-parent
611 silly ADD node_modules/gensync
612 silly ADD node_modules/function-bind
613 silly ADD node_modules/fraction.js
614 silly ADD node_modules/fill-range
615 silly ADD node_modules/fastq
616 silly ADD node_modules/fast-glob
617 silly ADD node_modules/fast-glob/node_modules/glob-parent
618 silly ADD node_modules/escalade
619 silly ADD node_modules/es-errors
620 silly ADD node_modules/electron-to-chromium
621 silly ADD node_modules/dlv
622 silly ADD node_modules/didyoumean
623 silly ADD node_modules/debug
624 silly ADD node_modules/cssesc
625 silly ADD node_modules/convert-source-map
626 silly ADD node_modules/commander
627 silly ADD node_modules/chokidar
628 silly ADD node_modules/chokidar/node_modules/glob-parent
629 silly ADD node_modules/chart.js
630 silly ADD node_modules/caniuse-lite
631 silly ADD node_modules/camelcase-css
632 silly ADD node_modules/browserslist
633 silly ADD node_modules/braces
634 silly ADD node_modules/binary-extensions
635 silly ADD node_modules/baseline-browser-mapping
636 silly ADD node_modules/autoprefixer
637 silly ADD node_modules/arg
638 silly ADD node_modules/anymatch
639 silly ADD node_modules/@vitejs/plugin-react
640 silly ADD node_modules/@types/estree
641 silly ADD node_modules/@types/babel__traverse
642 silly ADD node_modules/@types/babel__template
643 silly ADD node_modules/@types/babel__generator
644 silly ADD node_modules/@types/babel__core
645 silly ADD node_modules/@rollup/rollup-win32-x64-gnu
646 silly ADD node_modules/@rolldown/pluginutils
647 silly ADD node_modules/@nodelib/fs.walk
648 silly ADD node_modules/@nodelib/fs.stat
649 silly ADD node_modules/@nodelib/fs.scandir
650 silly ADD node_modules/@kurkle/color
651 silly ADD node_modules/@jridgewell/trace-mapping
652 silly ADD node_modules/@jridgewell/sourcemap-codec
653 silly ADD node_modules/@jridgewell/resolve-uri
654 silly ADD node_modules/@jridgewell/remapping
655 silly ADD node_modules/@jridgewell/gen-mapping
656 silly ADD node_modules/@esbuild/win32-x64
657 silly ADD node_modules/@babel/types
658 silly ADD node_modules/@babel/traverse
659 silly ADD node_modules/@babel/template
660 silly ADD node_modules/@babel/plugin-transform-react-jsx-source
661 silly ADD node_modules/@babel/plugin-transform-react-jsx-self
662 silly ADD node_modules/@babel/parser
663 silly ADD node_modules/@babel/helpers
664 silly ADD node_modules/@babel/helper-validator-option
665 silly ADD node_modules/@babel/helper-validator-identifier
666 silly ADD node_modules/@babel/helper-string-parser
667 silly ADD node_modules/@babel/helper-plugin-utils
668 silly ADD node_modules/@babel/helper-module-transforms
669 silly ADD node_modules/@babel/helper-module-imports
670 silly ADD node_modules/@babel/helper-globals
671 silly ADD node_modules/@babel/helper-compilation-targets
672 silly ADD node_modules/@babel/generator
673 silly ADD node_modules/@babel/core
674 silly ADD node_modules/@babel/compat-data
675 silly ADD node_modules/@babel/code-frame
676 silly ADD node_modules/@alloc/quick-lru
677 verbose cwd C:\Users\USER\Desktop\traffic_congestion_project\frontend
678 verbose os Windows_NT 10.0.26200
679 verbose node v24.15.0
680 verbose npm  v11.12.1
681 notice
681 notice New minor version of npm available! 11.12.1 -> 11.14.1
681 notice Changelog: https://github.com/npm/cli/releases/tag/v11.14.1
681 notice To update run: npm install -g npm@11.14.1
681 notice  { force: true, Symbol(proc-log.meta): true }
682 verbose exit 0
683 info ok
